exports[`configuration-set-sns-destination 1`] = `
{
  "Resources": {
    "SnsDestinationEventsHandler7DFCB014": {
      "DependsOn": [
        "SnsDestinationEventsHandlerServiceRole94495B0D",
      ],
      "Properties": {
        "Code": Any<Object>,
        "Handler": "index.handler",
        "LoggingConfig": {
          "LogGroup": {
            "Ref": "SnsDestinationEventsHandlerLogGroup64E64CFE",
          },
        },
        "Role": {
          "Fn::GetAtt": [
            "SnsDestinationEventsHandlerServiceRole94495B0D",
            "Arn",
          ],
        },
        "Runtime": "nodejs24.x",
      },
      "Type": "AWS::Lambda::Function",
    },
    "SnsDestinationEventsHandlerAllowInvokeStackTopic2F4048F0389B8B0A": {
      "Properties": {
        "Action": "lambda:InvokeFunction",
        "FunctionName": {
          "Fn::GetAtt": [
            "SnsDestinationEventsHandler7DFCB014",
            "Arn",
          ],
        },
        "Principal": "sns.amazonaws.com",
        "SourceArn": {
          "Ref": "TopicBFC7AF6E",
        },
      },
      "Type": "AWS::Lambda::Permission",
    },
    "SnsDestinationEventsHandlerLogGroup64E64CFE": {
      "DeletionPolicy": "Retain",
      "Properties": {
        "RetentionInDays": 90,
      },
      "Type": "AWS::Logs::LogGroup",
      "UpdateReplacePolicy": "Retain",
    },
    "SnsDestinationEventsHandlerServiceRole94495B0D": {
      "Properties": {
        "AssumeRolePolicyDocument": {
          "Statement": [
            {
              "Action": "sts:AssumeRole",
              "Effect": "Allow",
              "Principal": {
                "Service": "lambda.amazonaws.com",
              },
            },
          ],
          "Version": "2012-10-17",
        },
        "ManagedPolicyArns": [
          {
            "Fn::Join": [
              "",
              [
                "arn:",
                {
                  "Ref": "AWS::Partition",
                },
                ":iam::aws:policy/service-role/AWSLambdaBasicExecutionRole",
              ],
            ],
          },
        ],
      },
      "Type": "AWS::IAM::Role",
    },
    "SnsDestinationEventsHandlerTopic02278A9D": {
      "Properties": {
        "Endpoint": {
          "Fn::GetAtt": [
            "SnsDestinationEventsHandler7DFCB014",
            "Arn",
          ],
        },
        "Protocol": "lambda",
        "TopicArn": {
          "Ref": "TopicBFC7AF6E",
        },
      },
      "Type": "AWS::SNS::Subscription",
    },
    "SnsDestinationF568367B": {
      "DeletionPolicy": "Delete",
      "Properties": {
        "ConfigurationSetName": "exampleconfigurationset",
        "EventDestinationName": "sns",
        "MatchingEventTypes": [
          "BOUNCE",
          "COMPLAINT",
          "DELIVERY",
          "DELIVERY_DELAY",
          "REJECT",
          "SEND",
        ],
        "Serial": 1,
        "ServiceToken": {
          "Fn::GetAtt": [
            "lifligcdkconfigurationsetsnsdestinationProviderframeworkonEvent102A5A7F",
            "Arn",
          ],
        },
        "SnsTopicArn": {
          "Ref": "TopicBFC7AF6E",
        },
      },
      "Type": "AWS::CloudFormation::CustomResource",
      "UpdateReplacePolicy": "Delete",
    },
    "TopicBFC7AF6E": {
      "Type": "AWS::SNS::Topic",
    },
    "lifligcdkconfigurationsetsnsdestinationFunction24D2C768": {
      "DependsOn": [
        "lifligcdkconfigurationsetsnsdestinationFunctionServiceRoleDefaultPolicy848780D4",
        "lifligcdkconfigurationsetsnsdestinationFunctionServiceRoleDAE79368",
      ],
      "Properties": {
        "Code": Any<Object>,
        "Handler": "index.handler",
        "Role": {
          "Fn::GetAtt": [
            "lifligcdkconfigurationsetsnsdestinationFunctionServiceRoleDAE79368",
            "Arn",
          ],
        },
        "Runtime": "nodejs24.x",
        "Timeout": 300,
      },
      "Type": "AWS::Lambda::Function",
    },
    "lifligcdkconfigurationsetsnsdestinationFunctionServiceRoleDAE79368": {
      "Properties": {
        "AssumeRolePolicyDocument": {
          "Statement": [
            {
              "Action": "sts:AssumeRole",
              "Effect": "Allow",
              "Principal": {
                "Service": "lambda.amazonaws.com",
              },
            },
          ],
          "Version": "2012-10-17",
        },
        "ManagedPolicyArns": [
          {
            "Fn::Join": [
              "",
              [
                "arn:",
                {
                  "Ref": "AWS::Partition",
                },
                ":iam::aws:policy/service-role/AWSLambdaBasicExecutionRole",
              ],
            ],
          },
        ],
      },
      "Type": "AWS::IAM::Role",
    },
    "lifligcdkconfigurationsetsnsdestinationFunctionServiceRoleDefaultPolicy848780D4": {
      "Properties": {
        "PolicyDocument": {
          "Statement": [
            {
              "Action": [
                "ses:CreateConfigurationSetEventDestination",
                "ses:UpdateConfigurationSetEventDestination",
                "ses:DeleteConfigurationSetEventDestination",
                "ses:GetConfigurationSetEventDestinations",
              ],
              "Effect": "Allow",
              "Resource": "*",
            },
          ],
          "Version": "2012-10-17",
        },
        "PolicyName": "lifligcdkconfigurationsetsnsdestinationFunctionServiceRoleDefaultPolicy848780D4",
        "Roles": [
          {
            "Ref": "lifligcdkconfigurationsetsnsdestinationFunctionServiceRoleDAE79368",
          },
        ],
      },
      "Type": "AWS::IAM::Policy",
    },
    "lifligcdkconfigurationsetsnsdestinationProviderframeworkonEvent102A5A7F": {
      "DependsOn": [
        "lifligcdkconfigurationsetsnsdestinationProviderframeworkonEventServiceRoleDefaultPolicyF016E55B",
        "lifligcdkconfigurationsetsnsdestinationProviderframeworkonEventServiceRoleC2624999",
      ],
      "Properties": {
        "Code": Any<Object>,
        "Description": "AWS CDK resource provider framework - onEvent (Stack/liflig-cdk.configuration-set-sns-destination/Provider)",
        "Environment": {
          "Variables": {
            "USER_ON_EVENT_FUNCTION_ARN": {
              "Fn::GetAtt": [
                "lifligcdkconfigurationsetsnsdestinationFunction24D2C768",
                "Arn",
              ],
            },
          },
        },
        "Handler": "framework.onEvent",
        "LoggingConfig": {
          "ApplicationLogLevel": "FATAL",
          "LogFormat": "JSON",
        },
        "Role": {
          "Fn::GetAtt": [
            "lifligcdkconfigurationsetsnsdestinationProviderframeworkonEventServiceRoleC2624999",
            "Arn",
          ],
        },
        "Runtime": "nodejs24.x",
        "Timeout": 900,
      },
      "Type": "AWS::Lambda::Function",
    },
    "lifligcdkconfigurationsetsnsdestinationProviderframeworkonEventServiceRoleC2624999": {
      "Properties": {
        "AssumeRolePolicyDocument": {
          "Statement": [
            {
              "Action": "sts:AssumeRole",
              "Effect": "Allow",
              "Principal": {
                "Service": "lambda.amazonaws.com",
              },
            },
          ],
          "Version": "2012-10-17",
        },
        "ManagedPolicyArns": [
          {
            "Fn::Join": [
              "",
              [
                "arn:",
                {
                  "Ref": "AWS::Partition",
                },
                ":iam::aws:policy/service-role/AWSLambdaBasicExecutionRole",
              ],
            ],
          },
        ],
      },
      "Type": "AWS::IAM::Role",
    },
    "lifligcdkconfigurationsetsnsdestinationProviderframeworkonEventServiceRoleDefaultPolicyF016E55B": {
      "Properties": {
        "PolicyDocument": {
          "Statement": [
            {
              "Action": "lambda:InvokeFunction",
              "Effect": "Allow",
              "Resource": [
                {
                  "Fn::GetAtt": [
                    "lifligcdkconfigurationsetsnsdestinationFunction24D2C768",
                    "Arn",
                  ],
                },
                {
                  "Fn::Join": [
                    "",
                    [
                      {
                        "Fn::GetAtt": [
                          "lifligcdkconfigurationsetsnsdestinationFunction24D2C768",
                          "Arn",
                        ],
                      },
                      ":*",
                    ],
                  ],
                },
              ],
            },
            {
              "Action": "lambda:GetFunction",
              "Effect": "Allow",
              "Resource": {
                "Fn::GetAtt": [
                  "lifligcdkconfigurationsetsnsdestinationFunction24D2C768",
                  "Arn",
                ],
              },
            },
          ],
          "Version": "2012-10-17",
        },
        "PolicyName": "lifligcdkconfigurationsetsnsdestinationProviderframeworkonEventServiceRoleDefaultPolicyF016E55B",
        "Roles": [
          {
            "Ref": "lifligcdkconfigurationsetsnsdestinationProviderframeworkonEventServiceRoleC2624999",
          },
        ],
      },
      "Type": "AWS::IAM::Policy",
    },
  },
}
`;
