exports[`ses-verify-email 1`] = `
{
  "Resources": {
    "SesVerifyEmail41583370": {
      "DeletionPolicy": "Delete",
      "Properties": {
        "EmailAddress": "example@example.com",
        "ServiceToken": {
          "Fn::GetAtt": [
            "lifligcdksesverifyemailproviderProviderframeworkonEventA83D9BF0",
            "Arn",
          ],
        },
      },
      "Type": "AWS::CloudFormation::CustomResource",
      "UpdateReplacePolicy": "Delete",
    },
    "lifligcdksesverifyemailproviderFunction7D5F58AF": {
      "DependsOn": [
        "lifligcdksesverifyemailproviderFunctionServiceRoleDefaultPolicyF5D78D0B",
        "lifligcdksesverifyemailproviderFunctionServiceRole337D98A1",
      ],
      "Properties": {
        "Code": Any<Object>,
        "Handler": "index.handler",
        "Role": {
          "Fn::GetAtt": [
            "lifligcdksesverifyemailproviderFunctionServiceRole337D98A1",
            "Arn",
          ],
        },
        "Runtime": "nodejs24.x",
        "Timeout": 300,
      },
      "Type": "AWS::Lambda::Function",
    },
    "lifligcdksesverifyemailproviderFunctionServiceRole337D98A1": {
      "Properties": {
        "AssumeRolePolicyDocument": {
          "Statement": [
            {
              "Action": "sts:AssumeRole",
              "Effect": "Allow",
              "Principal": {
                "Service": "lambda.amazonaws.com",
              },
            },
          ],
          "Version": "2012-10-17",
        },
        "ManagedPolicyArns": [
          {
            "Fn::Join": [
              "",
              [
                "arn:",
                {
                  "Ref": "AWS::Partition",
                },
                ":iam::aws:policy/service-role/AWSLambdaBasicExecutionRole",
              ],
            ],
          },
        ],
      },
      "Type": "AWS::IAM::Role",
    },
    "lifligcdksesverifyemailproviderFunctionServiceRoleDefaultPolicyF5D78D0B": {
      "Properties": {
        "PolicyDocument": {
          "Statement": [
            {
              "Action": [
                "ses:DeleteIdentity",
                "ses:VerifyEmailIdentity",
              ],
              "Effect": "Allow",
              "Resource": "*",
            },
          ],
          "Version": "2012-10-17",
        },
        "PolicyName": "lifligcdksesverifyemailproviderFunctionServiceRoleDefaultPolicyF5D78D0B",
        "Roles": [
          {
            "Ref": "lifligcdksesverifyemailproviderFunctionServiceRole337D98A1",
          },
        ],
      },
      "Type": "AWS::IAM::Policy",
    },
    "lifligcdksesverifyemailproviderProviderframeworkonEventA83D9BF0": {
      "DependsOn": [
        "lifligcdksesverifyemailproviderProviderframeworkonEventServiceRoleDefaultPolicyC87308CB",
        "lifligcdksesverifyemailproviderProviderframeworkonEventServiceRoleD5D1F2EA",
      ],
      "Properties": {
        "Code": Any<Object>,
        "Description": "AWS CDK resource provider framework - onEvent (Stack/liflig-cdk.ses-verify-email.provider/Provider)",
        "Environment": {
          "Variables": {
            "USER_ON_EVENT_FUNCTION_ARN": {
              "Fn::GetAtt": [
                "lifligcdksesverifyemailproviderFunction7D5F58AF",
                "Arn",
              ],
            },
          },
        },
        "Handler": "framework.onEvent",
        "LoggingConfig": {
          "ApplicationLogLevel": "FATAL",
          "LogFormat": "JSON",
        },
        "Role": {
          "Fn::GetAtt": [
            "lifligcdksesverifyemailproviderProviderframeworkonEventServiceRoleD5D1F2EA",
            "Arn",
          ],
        },
        "Runtime": "nodejs24.x",
        "Timeout": 900,
      },
      "Type": "AWS::Lambda::Function",
    },
    "lifligcdksesverifyemailproviderProviderframeworkonEventServiceRoleD5D1F2EA": {
      "Properties": {
        "AssumeRolePolicyDocument": {
          "Statement": [
            {
              "Action": "sts:AssumeRole",
              "Effect": "Allow",
              "Principal": {
                "Service": "lambda.amazonaws.com",
              },
            },
          ],
          "Version": "2012-10-17",
        },
        "ManagedPolicyArns": [
          {
            "Fn::Join": [
              "",
              [
                "arn:",
                {
                  "Ref": "AWS::Partition",
                },
                ":iam::aws:policy/service-role/AWSLambdaBasicExecutionRole",
              ],
            ],
          },
        ],
      },
      "Type": "AWS::IAM::Role",
    },
    "lifligcdksesverifyemailproviderProviderframeworkonEventServiceRoleDefaultPolicyC87308CB": {
      "Properties": {
        "PolicyDocument": {
          "Statement": [
            {
              "Action": "lambda:InvokeFunction",
              "Effect": "Allow",
              "Resource": [
                {
                  "Fn::GetAtt": [
                    "lifligcdksesverifyemailproviderFunction7D5F58AF",
                    "Arn",
                  ],
                },
                {
                  "Fn::Join": [
                    "",
                    [
                      {
                        "Fn::GetAtt": [
                          "lifligcdksesverifyemailproviderFunction7D5F58AF",
                          "Arn",
                        ],
                      },
                      ":*",
                    ],
                  ],
                },
              ],
            },
            {
              "Action": "lambda:GetFunction",
              "Effect": "Allow",
              "Resource": {
                "Fn::GetAtt": [
                  "lifligcdksesverifyemailproviderFunction7D5F58AF",
                  "Arn",
                ],
              },
            },
          ],
          "Version": "2012-10-17",
        },
        "PolicyName": "lifligcdksesverifyemailproviderProviderframeworkonEventServiceRoleDefaultPolicyC87308CB",
        "Roles": [
          {
            "Ref": "lifligcdksesverifyemailproviderProviderframeworkonEventServiceRoleD5D1F2EA",
          },
        ],
      },
      "Type": "AWS::IAM::Policy",
    },
  },
}
`;
