exports[`create kinesis stream 1`] = `
{
  "Resources": {
    "KinesisToDatadogStreamCloudWatchLogsPolicy5D6050AF": {
      "Properties": {
        "PolicyDocument": {
          "Statement": [
            {
              "Action": [
                "firehose:PutRecord",
                "firehose:PutRecordBatch",
              ],
              "Effect": "Allow",
              "Resource": {
                "Fn::GetAtt": [
                  "KinesisToDatadogStreamDeliveryStream83902C8C",
                  "Arn",
                ],
              },
            },
          ],
          "Version": "2012-10-17",
        },
        "PolicyName": "KinesisToDatadogStreamCloudWatchLogsPolicy5D6050AF",
        "Roles": [
          {
            "Ref": "KinesisToDatadogStreamCloudWatchLogsRole8BADDC70",
          },
        ],
      },
      "Type": "AWS::IAM::Policy",
    },
    "KinesisToDatadogStreamCloudWatchLogsRole8BADDC70": {
      "Properties": {
        "AssumeRolePolicyDocument": {
          "Statement": [
            {
              "Action": "sts:AssumeRole",
              "Effect": "Allow",
              "Principal": {
                "Service": "logs.eu-west-1.amazonaws.com",
              },
            },
          ],
          "Version": "2012-10-17",
        },
      },
      "Type": "AWS::IAM::Role",
    },
    "KinesisToDatadogStreamDeliveryStream83902C8C": {
      "Properties": {
        "DeliveryStreamType": "DirectPut",
        "HttpEndpointDestinationConfiguration": {
          "BufferingHints": {
            "IntervalInSeconds": 60,
            "SizeInMBs": 4,
          },
          "CloudWatchLoggingOptions": {
            "Enabled": true,
            "LogGroupName": {
              "Ref": "KinesisToDatadogStreamDeliveryStreamLogGroup7179F142",
            },
            "LogStreamName": {
              "Ref": "KinesisToDatadogStreamDeliveryStreamLogStream32974BF1",
            },
          },
          "EndpointConfiguration": {
            "AccessKey": {
              "Fn::Join": [
                "",
                [
                  "{{resolve:secretsmanager:arn:",
                  {
                    "Ref": "AWS::Partition",
                  },
                  ":secretsmanager:eu-west-1:",
                  {
                    "Ref": "AWS::AccountId",
                  },
                  ":secret:DATADOG-SECRET:SecretString:value::}}",
                ],
              ],
            },
            "Name": "datadog-logs-endpoint",
            "Url": "https://aws-kinesis-http-intake.logs.datadoghq.eu/v1/input",
          },
          "RequestConfiguration": {
            "ContentEncoding": "GZIP",
          },
          "RetryOptions": {
            "DurationInSeconds": 60,
          },
          "RoleARN": {
            "Fn::GetAtt": [
              "KinesisToDatadogStreamFirehoseLogsRoleDF723823",
              "Arn",
            ],
          },
          "S3BackupMode": "FailedDataOnly",
          "S3Configuration": {
            "BucketARN": {
              "Fn::GetAtt": [
                "KinesisToDatadogStreamFailedDataBucket95726055",
                "Arn",
              ],
            },
            "CompressionFormat": "UNCOMPRESSED",
            "RoleARN": {
              "Fn::GetAtt": [
                "KinesisToDatadogStreamFirehoseLogsRoleDF723823",
                "Arn",
              ],
            },
          },
        },
      },
      "Type": "AWS::KinesisFirehose::DeliveryStream",
    },
    "KinesisToDatadogStreamDeliveryStreamLogGroup7179F142": {
      "DeletionPolicy": "Retain",
      "Properties": {
        "RetentionInDays": 731,
      },
      "Type": "AWS::Logs::LogGroup",
      "UpdateReplacePolicy": "Retain",
    },
    "KinesisToDatadogStreamDeliveryStreamLogStream32974BF1": {
      "DeletionPolicy": "Retain",
      "Properties": {
        "LogGroupName": {
          "Ref": "KinesisToDatadogStreamDeliveryStreamLogGroup7179F142",
        },
      },
      "Type": "AWS::Logs::LogStream",
      "UpdateReplacePolicy": "Retain",
    },
    "KinesisToDatadogStreamFailedDataBucket95726055": {
      "DeletionPolicy": "Retain",
      "Properties": {
        "PublicAccessBlockConfiguration": {
          "BlockPublicAcls": true,
          "BlockPublicPolicy": true,
          "IgnorePublicAcls": true,
          "RestrictPublicBuckets": true,
        },
      },
      "Type": "AWS::S3::Bucket",
      "UpdateReplacePolicy": "Retain",
    },
    "KinesisToDatadogStreamFirehoseLogsPolicy6D41913D": {
      "Properties": {
        "PolicyDocument": {
          "Statement": [
            {
              "Action": [
                "s3:AbortMultipartUpload",
                "s3:GetBucketLocation",
                "s3:GetObject",
                "s3:ListBucket",
                "s3:ListBucketMultipartUploads",
                "s3:PutObject",
              ],
              "Effect": "Allow",
              "Resource": [
                {
                  "Fn::GetAtt": [
                    "KinesisToDatadogStreamFailedDataBucket95726055",
                    "Arn",
                  ],
                },
                {
                  "Fn::Join": [
                    "",
                    [
                      {
                        "Fn::GetAtt": [
                          "KinesisToDatadogStreamFailedDataBucket95726055",
                          "Arn",
                        ],
                      },
                      "/*",
                    ],
                  ],
                },
              ],
            },
            {
              "Action": "logs:PutLogEvents",
              "Effect": "Allow",
              "Resource": {
                "Fn::Join": [
                  "",
                  [
                    "arn:aws:logs:eu-west-1:",
                    {
                      "Ref": "AWS::AccountId",
                    },
                    ":log-group:",
                    {
                      "Ref": "KinesisToDatadogStreamDeliveryStreamLogGroup7179F142",
                    },
                    ":log-stream:",
                    {
                      "Ref": "KinesisToDatadogStreamDeliveryStreamLogStream32974BF1",
                    },
                  ],
                ],
              },
            },
            {
              "Action": [
                "kinesis:DescribeStream",
                "kinesis:GetShardIterator",
                "kinesis:GetRecords",
              ],
              "Effect": "Allow",
              "Resource": {
                "Fn::GetAtt": [
                  "KinesisToDatadogStreamDeliveryStream83902C8C",
                  "Arn",
                ],
              },
            },
          ],
          "Version": "2012-10-17",
        },
        "PolicyName": "KinesisToDatadogStreamFirehoseLogsPolicy6D41913D",
        "Roles": [
          {
            "Ref": "KinesisToDatadogStreamFirehoseLogsRoleDF723823",
          },
        ],
      },
      "Type": "AWS::IAM::Policy",
    },
    "KinesisToDatadogStreamFirehoseLogsRoleDF723823": {
      "Properties": {
        "AssumeRolePolicyDocument": {
          "Statement": [
            {
              "Action": "sts:AssumeRole",
              "Effect": "Allow",
              "Principal": {
                "Service": "firehose.amazonaws.com",
              },
            },
          ],
          "Version": "2012-10-17",
        },
      },
      "Type": "AWS::IAM::Role",
    },
    "KinesisToDatadogStreamSubscriptionFilter0D455E7D8": {
      "Properties": {
        "DestinationArn": {
          "Fn::GetAtt": [
            "KinesisToDatadogStreamDeliveryStream83902C8C",
            "Arn",
          ],
        },
        "FilterPattern": "",
        "LogGroupName": {
          "Fn::ImportValue": "SupportStack:ExportsOutputRefLogGroupF5B4693119CE9848",
        },
        "RoleArn": {
          "Fn::GetAtt": [
            "KinesisToDatadogStreamCloudWatchLogsRole8BADDC70",
            "Arn",
          ],
        },
      },
      "Type": "AWS::Logs::SubscriptionFilter",
    },
  },
}
`;
