// Jest Snapshot v1, https://goo.gl/fbAQLP

exports[`create load balancer 1`] = `
Object {
  "Resources": Object {
    "LoadBalancer8E47CE52": Object {
      "DependsOn": Array [
        "LoadBalancerAccessLogsBucketPolicy6B02AF07",
        "LoadBalancerAccessLogsBucketD82011C7",
      ],
      "Properties": Object {
        "LoadBalancerAttributes": Array [
          Object {
            "Key": "deletion_protection.enabled",
            "Value": "false",
          },
          Object {
            "Key": "access_logs.s3.enabled",
            "Value": "true",
          },
          Object {
            "Key": "access_logs.s3.bucket",
            "Value": Object {
              "Ref": "LoadBalancerAccessLogsBucketD82011C7",
            },
          },
          Object {
            "Key": "access_logs.s3.prefix",
            "Value": "",
          },
        ],
        "Scheme": "internet-facing",
        "SecurityGroups": Array [
          Object {
            "Fn::GetAtt": Array [
              "LoadBalancerSecurityGroupC89CA14B",
              "GroupId",
            ],
          },
        ],
        "Subnets": Array [
          Object {
            "Fn::ImportValue": "SupportStack:ExportsOutputRefVpcPublicSubnet1Subnet5C2D37C4FFA2B456",
          },
          Object {
            "Fn::ImportValue": "SupportStack:ExportsOutputRefVpcPublicSubnet2Subnet691E08A351552740",
          },
        ],
        "Type": "application",
      },
      "Type": "AWS::ElasticLoadBalancingV2::LoadBalancer",
    },
    "LoadBalancerAccessLogsBucketD82011C7": Object {
      "DeletionPolicy": "Retain",
      "Properties": Object {
        "BucketEncryption": Object {
          "ServerSideEncryptionConfiguration": Array [
            Object {
              "ServerSideEncryptionByDefault": Object {
                "SSEAlgorithm": "AES256",
              },
            },
          ],
        },
        "LifecycleConfiguration": Object {
          "Rules": Array [
            Object {
              "ExpirationInDays": 30,
              "Status": "Enabled",
            },
          ],
        },
        "PublicAccessBlockConfiguration": Object {
          "BlockPublicAcls": true,
          "BlockPublicPolicy": true,
          "IgnorePublicAcls": true,
          "RestrictPublicBuckets": true,
        },
      },
      "Type": "AWS::S3::Bucket",
      "UpdateReplacePolicy": "Retain",
    },
    "LoadBalancerAccessLogsBucketPolicy6B02AF07": Object {
      "Properties": Object {
        "Bucket": Object {
          "Ref": "LoadBalancerAccessLogsBucketD82011C7",
        },
        "PolicyDocument": Object {
          "Statement": Array [
            Object {
              "Action": Array [
                "s3:PutObject",
                "s3:PutObjectLegalHold",
                "s3:PutObjectRetention",
                "s3:PutObjectTagging",
                "s3:PutObjectVersionTagging",
                "s3:Abort*",
              ],
              "Effect": "Allow",
              "Principal": Object {
                "AWS": Object {
                  "Fn::Join": Array [
                    "",
                    Array [
                      "arn:",
                      Object {
                        "Ref": "AWS::Partition",
                      },
                      ":iam::156460612806:root",
                    ],
                  ],
                },
              },
              "Resource": Object {
                "Fn::Join": Array [
                  "",
                  Array [
                    Object {
                      "Fn::GetAtt": Array [
                        "LoadBalancerAccessLogsBucketD82011C7",
                        "Arn",
                      ],
                    },
                    "/AWSLogs/",
                    Object {
                      "Ref": "AWS::AccountId",
                    },
                    "/*",
                  ],
                ],
              },
            },
            Object {
              "Action": "s3:PutObject",
              "Condition": Object {
                "StringEquals": Object {
                  "s3:x-amz-acl": "bucket-owner-full-control",
                },
              },
              "Effect": "Allow",
              "Principal": Object {
                "Service": "delivery.logs.amazonaws.com",
              },
              "Resource": Object {
                "Fn::Join": Array [
                  "",
                  Array [
                    Object {
                      "Fn::GetAtt": Array [
                        "LoadBalancerAccessLogsBucketD82011C7",
                        "Arn",
                      ],
                    },
                    "/AWSLogs/",
                    Object {
                      "Ref": "AWS::AccountId",
                    },
                    "/*",
                  ],
                ],
              },
            },
            Object {
              "Action": "s3:GetBucketAcl",
              "Effect": "Allow",
              "Principal": Object {
                "Service": "delivery.logs.amazonaws.com",
              },
              "Resource": Object {
                "Fn::GetAtt": Array [
                  "LoadBalancerAccessLogsBucketD82011C7",
                  "Arn",
                ],
              },
            },
          ],
          "Version": "2012-10-17",
        },
      },
      "Type": "AWS::S3::BucketPolicy",
    },
    "LoadBalancerDefaultTargetGroup162BFC2A": Object {
      "Properties": Object {
        "Port": 80,
        "Protocol": "HTTP",
        "TargetGroupAttributes": Array [
          Object {
            "Key": "stickiness.enabled",
            "Value": "false",
          },
        ],
        "TargetType": "instance",
        "VpcId": Object {
          "Fn::ImportValue": "SupportStack:ExportsOutputRefVpc8378EB38272D6E3A",
        },
      },
      "Type": "AWS::ElasticLoadBalancingV2::TargetGroup",
    },
    "LoadBalancerHttpListener9DD37EAA": Object {
      "DependsOn": Array [
        "LoadBalancerAccessLogsBucketPolicy6B02AF07",
        "LoadBalancerAccessLogsBucketD82011C7",
      ],
      "Properties": Object {
        "DefaultActions": Array [
          Object {
            "RedirectConfig": Object {
              "Port": "443",
              "Protocol": "HTTPS",
              "StatusCode": "HTTP_301",
            },
            "Type": "redirect",
          },
        ],
        "LoadBalancerArn": Object {
          "Ref": "LoadBalancer8E47CE52",
        },
        "Port": 80,
        "Protocol": "HTTP",
      },
      "Type": "AWS::ElasticLoadBalancingV2::Listener",
    },
    "LoadBalancerHttpsListener68D81C94": Object {
      "DependsOn": Array [
        "LoadBalancerAccessLogsBucketPolicy6B02AF07",
        "LoadBalancerAccessLogsBucketD82011C7",
      ],
      "Properties": Object {
        "Certificates": Array [
          Object {
            "CertificateArn": Object {
              "Fn::ImportValue": "SupportStack:ExportsOutputRefCertificate4E7ABB08F7C8AF50",
            },
          },
        ],
        "DefaultActions": Array [
          Object {
            "TargetGroupArn": Object {
              "Ref": "LoadBalancerDefaultTargetGroup162BFC2A",
            },
            "Type": "forward",
          },
        ],
        "LoadBalancerArn": Object {
          "Ref": "LoadBalancer8E47CE52",
        },
        "Port": 443,
        "Protocol": "HTTPS",
        "SslPolicy": "ELBSecurityPolicy-TLS-1-2-2017-01",
      },
      "Type": "AWS::ElasticLoadBalancingV2::Listener",
    },
    "LoadBalancerSecurityGroupC89CA14B": Object {
      "DependsOn": Array [
        "LoadBalancerAccessLogsBucketPolicy6B02AF07",
        "LoadBalancerAccessLogsBucketD82011C7",
      ],
      "Properties": Object {
        "GroupDescription": "Automatically created Security Group for ELB StackLoadBalancerF0AF61AA",
        "SecurityGroupEgress": Array [
          Object {
            "CidrIp": "255.255.255.255/32",
            "Description": "Disallow all traffic",
            "FromPort": 252,
            "IpProtocol": "icmp",
            "ToPort": 86,
          },
        ],
        "SecurityGroupIngress": Array [
          Object {
            "CidrIp": "0.0.0.0/0",
            "Description": "Allow from anyone on port 80",
            "FromPort": 80,
            "IpProtocol": "tcp",
            "ToPort": 80,
          },
          Object {
            "CidrIp": "0.0.0.0/0",
            "Description": "Allow from anyone on port 443",
            "FromPort": 443,
            "IpProtocol": "tcp",
            "ToPort": 443,
          },
        ],
        "VpcId": Object {
          "Fn::ImportValue": "SupportStack:ExportsOutputRefVpc8378EB38272D6E3A",
        },
      },
      "Type": "AWS::EC2::SecurityGroup",
    },
  },
}
`;
