// Jest Snapshot v1, https://goo.gl/fbAQLP

exports[`create load balancer 1`] = `
Object {
  "Resources": Object {
    "LoadBalancer8E47CE52": Object {
      "Properties": Object {
        "LoadBalancerAttributes": Array [
          Object {
            "Key": "deletion_protection.enabled",
            "Value": "false",
          },
        ],
        "Scheme": "internet-facing",
        "SecurityGroups": Array [
          Object {
            "Fn::GetAtt": Array [
              "LoadBalancerSecurityGroupC89CA14B",
              "GroupId",
            ],
          },
        ],
        "Subnets": Array [
          Object {
            "Fn::ImportValue": "SupportStack:ExportsOutputRefVpcPublicSubnet1Subnet5C2D37C4FFA2B456",
          },
          Object {
            "Fn::ImportValue": "SupportStack:ExportsOutputRefVpcPublicSubnet2Subnet691E08A351552740",
          },
        ],
        "Type": "application",
      },
      "Type": "AWS::ElasticLoadBalancingV2::LoadBalancer",
    },
    "LoadBalancerDefaultTargetGroup162BFC2A": Object {
      "Properties": Object {
        "Port": 80,
        "Protocol": "HTTP",
        "TargetType": "instance",
        "VpcId": Object {
          "Fn::ImportValue": "SupportStack:ExportsOutputRefVpc8378EB38272D6E3A",
        },
      },
      "Type": "AWS::ElasticLoadBalancingV2::TargetGroup",
    },
    "LoadBalancerHttpListener9DD37EAA": Object {
      "Properties": Object {
        "DefaultActions": Array [
          Object {
            "RedirectConfig": Object {
              "Port": "443",
              "Protocol": "HTTPS",
              "StatusCode": "HTTP_301",
            },
            "Type": "redirect",
          },
        ],
        "LoadBalancerArn": Object {
          "Ref": "LoadBalancer8E47CE52",
        },
        "Port": 80,
        "Protocol": "HTTP",
      },
      "Type": "AWS::ElasticLoadBalancingV2::Listener",
    },
    "LoadBalancerHttpsListener68D81C94": Object {
      "Properties": Object {
        "Certificates": Array [
          Object {
            "CertificateArn": Object {
              "Fn::ImportValue": "SupportStack:ExportsOutputRefCertificate4E7ABB08F7C8AF50",
            },
          },
        ],
        "DefaultActions": Array [
          Object {
            "TargetGroupArn": Object {
              "Ref": "LoadBalancerDefaultTargetGroup162BFC2A",
            },
            "Type": "forward",
          },
        ],
        "LoadBalancerArn": Object {
          "Ref": "LoadBalancer8E47CE52",
        },
        "Port": 443,
        "Protocol": "HTTPS",
        "SslPolicy": "ELBSecurityPolicy-TLS-1-2-2017-01",
      },
      "Type": "AWS::ElasticLoadBalancingV2::Listener",
    },
    "LoadBalancerSecurityGroupC89CA14B": Object {
      "Properties": Object {
        "GroupDescription": "Automatically created Security Group for ELB StackLoadBalancerF0AF61AA",
        "SecurityGroupEgress": Array [
          Object {
            "CidrIp": "255.255.255.255/32",
            "Description": "Disallow all traffic",
            "FromPort": 252,
            "IpProtocol": "icmp",
            "ToPort": 86,
          },
        ],
        "SecurityGroupIngress": Array [
          Object {
            "CidrIp": "0.0.0.0/0",
            "Description": "Allow from anyone on port 80",
            "FromPort": 80,
            "IpProtocol": "tcp",
            "ToPort": 80,
          },
          Object {
            "CidrIp": "0.0.0.0/0",
            "Description": "Allow from anyone on port 443",
            "FromPort": 443,
            "IpProtocol": "tcp",
            "ToPort": 443,
          },
        ],
        "VpcId": Object {
          "Fn::ImportValue": "SupportStack:ExportsOutputRefVpc8378EB38272D6E3A",
        },
      },
      "Type": "AWS::EC2::SecurityGroup",
    },
  },
}
`;
