exports[`create database 1`] = `
{
  "Resources": {
    "DatabaseF44359DD": {
      "DeletionPolicy": "Snapshot",
      "Properties": {
        "AllocatedStorage": "25",
        "AllowMajorVersionUpgrade": true,
        "BackupRetentionPeriod": 35,
        "CopyTagsToSnapshot": true,
        "DBInstanceClass": "db.t3.micro",
        "DBInstanceIdentifier": "example-database-v1",
        "DBName": "app",
        "DBSubnetGroupName": {
          "Ref": "DatabaseSubnetGroup669F481A",
        },
        "Engine": "postgres",
        "EngineVersion": "12",
        "MasterUserPassword": {
          "Fn::Join": [
            "",
            [
              "{{resolve:secretsmanager:",
              {
                "Ref": "DatabaseSecret3B817195",
              },
              ":SecretString:password::}}",
            ],
          ],
        },
        "MasterUsername": {
          "Fn::Join": [
            "",
            [
              "{{resolve:secretsmanager:",
              {
                "Ref": "DatabaseSecret3B817195",
              },
              ":SecretString:username::}}",
            ],
          ],
        },
        "MultiAZ": true,
        "PubliclyAccessible": false,
        "StorageEncrypted": true,
        "StorageType": "gp2",
        "VPCSecurityGroups": [
          {
            "Fn::GetAtt": [
              "DatabaseSecurityGroupB7D8C207",
              "GroupId",
            ],
          },
        ],
      },
      "Type": "AWS::RDS::DBInstance",
      "UpdateReplacePolicy": "Snapshot",
    },
    "DatabaseSecret3B817195": {
      "DeletionPolicy": "Delete",
      "Properties": {
        "Description": {
          "Fn::Join": [
            "",
            [
              "Generated by the CDK for stack: ",
              {
                "Ref": "AWS::StackName",
              },
            ],
          ],
        },
        "GenerateSecretString": {
          "ExcludeCharacters": " %+~\`#$&*()|[]{}:;<>?!'/@"\\",
          "GenerateStringKey": "password",
          "PasswordLength": 30,
          "SecretStringTemplate": "{"username":"master"}",
        },
      },
      "Type": "AWS::SecretsManager::Secret",
      "UpdateReplacePolicy": "Delete",
    },
    "DatabaseSecretAttachmentE5D1B020": {
      "Properties": {
        "SecretId": {
          "Ref": "DatabaseSecret3B817195",
        },
        "TargetId": {
          "Ref": "DatabaseF44359DD",
        },
        "TargetType": "AWS::RDS::DBInstance",
      },
      "Type": "AWS::SecretsManager::SecretTargetAttachment",
    },
    "DatabaseSecurityGroupB7D8C207": {
      "Properties": {
        "GroupDescription": "Security group for Resource database",
        "SecurityGroupEgress": [
          {
            "CidrIp": "0.0.0.0/0",
            "Description": "Allow all outbound traffic by default",
            "IpProtocol": "-1",
          },
        ],
        "VpcId": {
          "Fn::ImportValue": "SupportStack:ExportsOutputRefVpc8378EB38272D6E3A",
        },
      },
      "Type": "AWS::EC2::SecurityGroup",
    },
    "DatabaseSecurityGroupfromSupportStackSecurityGroupF35DA957IndirectPort55C732DA": {
      "Properties": {
        "Description": "from SupportStackSecurityGroupF35DA957:{IndirectPort}",
        "FromPort": {
          "Fn::GetAtt": [
            "DatabaseF44359DD",
            "Endpoint.Port",
          ],
        },
        "GroupId": {
          "Fn::GetAtt": [
            "DatabaseSecurityGroupB7D8C207",
            "GroupId",
          ],
        },
        "IpProtocol": "tcp",
        "SourceSecurityGroupId": {
          "Fn::ImportValue": "SupportStack:ExportsOutputFnGetAttSecurityGroupDD263621GroupIdDF6F8B09",
        },
        "ToPort": {
          "Fn::GetAtt": [
            "DatabaseF44359DD",
            "Endpoint.Port",
          ],
        },
      },
      "Type": "AWS::EC2::SecurityGroupIngress",
    },
    "DatabaseSubnetGroup669F481A": {
      "Properties": {
        "DBSubnetGroupDescription": "Subnet group for Resource database",
        "SubnetIds": [
          {
            "Fn::ImportValue": "SupportStack:ExportsOutputRefVpcPublicSubnet1Subnet5C2D37C4FFA2B456",
          },
          {
            "Fn::ImportValue": "SupportStack:ExportsOutputRefVpcPublicSubnet2Subnet691E08A351552740",
          },
        ],
      },
      "Type": "AWS::RDS::DBSubnetGroup",
    },
  },
}
`;
