// Jest Snapshot v1, https://goo.gl/fbAQLP

exports[`creates fargate service with parameters and listener rule 1`] = `
Object {
  "Resources": Object {
    "DnsARecordFED6ED67": Object {
      "Properties": Object {
        "AliasTarget": Object {
          "DNSName": Object {
            "Fn::Join": Array [
              "",
              Array [
                "dualstack.",
                Object {
                  "Fn::ImportValue": "SupportStack:ExportsOutputFnGetAttLoadBalancer8E47CE52DNSName59BE487A",
                },
              ],
            ],
          },
          "HostedZoneId": Object {
            "Fn::ImportValue": "SupportStack:ExportsOutputFnGetAttLoadBalancer8E47CE52CanonicalHostedZoneID7C0E7DD7",
          },
        },
        "HostedZoneId": Object {
          "Fn::ImportValue": "SupportStack:ExportsOutputRefHostedZoneDB99F8662BBAE844",
        },
        "Name": "example.com.",
        "Type": "A",
      },
      "Type": "AWS::Route53::RecordSet",
    },
    "DnsListenerRule18B182CC": Object {
      "Properties": Object {
        "Actions": Array [
          Object {
            "TargetGroupArn": Object {
              "Ref": "ServiceTargetGroupE74A3394",
            },
            "Type": "forward",
          },
        ],
        "Conditions": Array [
          Object {
            "Field": "host-header",
            "Values": Array [
              "example.com",
            ],
          },
        ],
        "ListenerArn": Object {
          "Fn::ImportValue": "SupportStack:ExportsOutputRefLoadBalancerHttpsListener68D81C9458BEEF85",
        },
        "Priority": 10,
      },
      "Type": "AWS::ElasticLoadBalancingV2::ListenerRule",
    },
    "Service9571FDD8": Object {
      "DependsOn": Array [
        "DnsListenerRule18B182CC",
        "ServiceConfigExamplePlainTextParameterC948638B",
        "ServiceSecretExampleSecretByNameParameterB153ADD4",
        "ServiceSecretExampleSecretParameter2147C87C",
      ],
      "Properties": Object {
        "Cluster": Object {
          "Fn::ImportValue": "SupportStack:ExportsOutputRefClusterEB0386A796A0E3FE",
        },
        "DeploymentConfiguration": Object {
          "MaximumPercent": 200,
          "MinimumHealthyPercent": 100,
        },
        "DesiredCount": 2,
        "EnableECSManagedTags": false,
        "EnableExecuteCommand": true,
        "HealthCheckGracePeriodSeconds": 60,
        "LaunchType": "FARGATE",
        "LoadBalancers": Array [
          Object {
            "ContainerName": "Container",
            "ContainerPort": 8080,
            "TargetGroupArn": Object {
              "Ref": "ServiceTargetGroupE74A3394",
            },
          },
        ],
        "NetworkConfiguration": Object {
          "AwsvpcConfiguration": Object {
            "AssignPublicIp": "ENABLED",
            "SecurityGroups": Array [
              Object {
                "Fn::GetAtt": Array [
                  "ServiceSecurityGroupC96ED6A7",
                  "GroupId",
                ],
              },
            ],
            "Subnets": Array [
              Object {
                "Fn::ImportValue": "SupportStack:ExportsOutputRefVpcPublicSubnet1Subnet5C2D37C4FFA2B456",
              },
              Object {
                "Fn::ImportValue": "SupportStack:ExportsOutputRefVpcPublicSubnet2Subnet691E08A351552740",
              },
            ],
          },
        },
        "PlatformVersion": "1.4.0",
        "ServiceName": "example-service",
        "TaskDefinition": Object {
          "Ref": "ServiceTaskDefinition55FA0F15",
        },
      },
      "Type": "AWS::ECS::Service",
    },
    "ServiceConfigExamplePlainTextParameterC948638B": Object {
      "Properties": Object {
        "Name": "/liflig-cdk/Stack/c8cabff989df74f9b2755f4ae923cc6492f944970b/parameters/config/ExamplePlainTextParameter",
        "Type": "String",
        "Value": "ExamplePlainTextParameter",
      },
      "Type": "AWS::SSM::Parameter",
    },
    "ServiceLogGroupB910EE76": Object {
      "DeletionPolicy": "Retain",
      "Properties": Object {
        "RetentionInDays": 14,
      },
      "Type": "AWS::Logs::LogGroup",
      "UpdateReplacePolicy": "Retain",
    },
    "ServiceSecretExampleSecretByNameParameterB153ADD4": Object {
      "Properties": Object {
        "Name": "/liflig-cdk/Stack/c8cabff989df74f9b2755f4ae923cc6492f944970b/parameters/secrets/ExampleSecretByNameParameter",
        "Type": "String",
        "Value": Object {
          "Fn::Join": Array [
            "",
            Array [
              "arn:",
              Object {
                "Ref": "AWS::Partition",
              },
              ":secretsmanager:eu-west-1:",
              Object {
                "Ref": "AWS::AccountId",
              },
              ":secret:ExampleSecretByNameParameter",
            ],
          ],
        },
      },
      "Type": "AWS::SSM::Parameter",
    },
    "ServiceSecretExampleSecretParameter2147C87C": Object {
      "Properties": Object {
        "Name": "/liflig-cdk/Stack/c8cabff989df74f9b2755f4ae923cc6492f944970b/parameters/secrets/ExampleSecretParameter",
        "Type": "String",
        "Value": Object {
          "Fn::Join": Array [
            "",
            Array [
              "arn:",
              Object {
                "Ref": "AWS::Partition",
              },
              ":secretsmanager:eu-west-1:",
              Object {
                "Ref": "AWS::AccountId",
              },
              ":secret:ExampleSecretParameter",
            ],
          ],
        },
      },
      "Type": "AWS::SSM::Parameter",
    },
    "ServiceSecurityGroupC96ED6A7": Object {
      "Properties": Object {
        "GroupDescription": "Stack/Service/SecurityGroup",
        "SecurityGroupEgress": Array [
          Object {
            "CidrIp": "0.0.0.0/0",
            "Description": "Allow all outbound traffic by default",
            "IpProtocol": "-1",
          },
        ],
        "VpcId": Object {
          "Fn::ImportValue": "SupportStack:ExportsOutputRefVpc8378EB38272D6E3A",
        },
      },
      "Type": "AWS::EC2::SecurityGroup",
    },
    "ServiceSecurityGroupSupportStackLoadBalancerSecurityGroup43D42DD38080from8AFD9D71": Object {
      "Properties": Object {
        "Description": "Load balancer to target",
        "DestinationSecurityGroupId": Object {
          "Fn::GetAtt": Array [
            "ServiceSecurityGroupC96ED6A7",
            "GroupId",
          ],
        },
        "FromPort": 8080,
        "GroupId": Object {
          "Fn::ImportValue": "SupportStack:ExportsOutputFnGetAttLoadBalancerSecurityGroupC89CA14BGroupId6F8F4447",
        },
        "IpProtocol": "tcp",
        "ToPort": 8080,
      },
      "Type": "AWS::EC2::SecurityGroupEgress",
    },
    "ServiceSecurityGroupfromSupportStackLoadBalancerSecurityGroup43D42DD3808010A4CCEF": Object {
      "Properties": Object {
        "Description": "Load balancer to target",
        "FromPort": 8080,
        "GroupId": Object {
          "Fn::GetAtt": Array [
            "ServiceSecurityGroupC96ED6A7",
            "GroupId",
          ],
        },
        "IpProtocol": "tcp",
        "SourceSecurityGroupId": Object {
          "Fn::ImportValue": "SupportStack:ExportsOutputFnGetAttLoadBalancerSecurityGroupC89CA14BGroupId6F8F4447",
        },
        "ToPort": 8080,
      },
      "Type": "AWS::EC2::SecurityGroupIngress",
    },
    "ServiceTargetGroupE74A3394": Object {
      "Properties": Object {
        "HealthCheckIntervalSeconds": 10,
        "HealthCheckPath": "/health",
        "HealthyThresholdCount": 2,
        "Port": 8080,
        "Protocol": "HTTP",
        "TargetGroupAttributes": Array [
          Object {
            "Key": "deregistration_delay.timeout_seconds",
            "Value": "15",
          },
          Object {
            "Key": "stickiness.enabled",
            "Value": "false",
          },
        ],
        "TargetType": "ip",
        "VpcId": Object {
          "Fn::ImportValue": "SupportStack:ExportsOutputRefVpc8378EB38272D6E3A",
        },
      },
      "Type": "AWS::ElasticLoadBalancingV2::TargetGroup",
    },
    "ServiceTaskDefinition55FA0F15": Object {
      "Properties": Object {
        "ContainerDefinitions": Array [
          Object {
            "Environment": Array [
              Object {
                "Name": "SSM_PREFIX",
                "Value": "/liflig-cdk/Stack/c8cabff989df74f9b2755f4ae923cc6492f944970b/parameters",
              },
              Object {
                "Name": "PARAMS_HASH",
                "Value": "90fa2bdb2b8eb3d9ec2b313224ba0c78d3905bd65f6d1bc6427158370196cdb8",
              },
            ],
            "Essential": true,
            "Image": Object {
              "Fn::Join": Array [
                "",
                Array [
                  Object {
                    "Fn::Select": Array [
                      4,
                      Object {
                        "Fn::Split": Array [
                          ":",
                          Object {
                            "Fn::ImportValue": "SupportStack:ExportsOutputFnGetAttRepository22E53BBDArn3AD4E30B",
                          },
                        ],
                      },
                    ],
                  },
                  ".dkr.ecr.",
                  Object {
                    "Fn::Select": Array [
                      3,
                      Object {
                        "Fn::Split": Array [
                          ":",
                          Object {
                            "Fn::ImportValue": "SupportStack:ExportsOutputFnGetAttRepository22E53BBDArn3AD4E30B",
                          },
                        ],
                      },
                    ],
                  },
                  ".",
                  Object {
                    "Ref": "AWS::URLSuffix",
                  },
                  "/",
                  Object {
                    "Fn::ImportValue": "SupportStack:ExportsOutputRefRepository22E53BBD9A9E013B",
                  },
                  ":exampleEcrTag",
                ],
              ],
            },
            "LinuxParameters": Object {
              "Capabilities": Object {},
              "InitProcessEnabled": true,
            },
            "LogConfiguration": Object {
              "LogDriver": "awslogs",
              "Options": Object {
                "awslogs-datetime-format": "%Y-%m-%dT%H:%M:%S",
                "awslogs-group": Object {
                  "Ref": "ServiceLogGroupB910EE76",
                },
                "awslogs-region": "eu-west-1",
                "awslogs-stream-prefix": "ecs",
              },
            },
            "Name": "Container",
            "PortMappings": Array [
              Object {
                "ContainerPort": 8080,
                "HostPort": 8080,
                "Protocol": "tcp",
              },
            ],
          },
        ],
        "Cpu": "256",
        "ExecutionRoleArn": Object {
          "Fn::GetAtt": Array [
            "ServiceTaskDefinitionExecutionRole5D3DB197",
            "Arn",
          ],
        },
        "Family": "StackServiceTaskDefinition81B5CCD5",
        "Memory": "512",
        "NetworkMode": "awsvpc",
        "RequiresCompatibilities": Array [
          "FARGATE",
        ],
        "TaskRoleArn": Object {
          "Fn::GetAtt": Array [
            "ServiceTaskDefinitionTaskRole3BD32B0F",
            "Arn",
          ],
        },
      },
      "Type": "AWS::ECS::TaskDefinition",
    },
    "ServiceTaskDefinitionExecutionRole5D3DB197": Object {
      "Properties": Object {
        "AssumeRolePolicyDocument": Object {
          "Statement": Array [
            Object {
              "Action": "sts:AssumeRole",
              "Effect": "Allow",
              "Principal": Object {
                "Service": "ecs-tasks.amazonaws.com",
              },
            },
          ],
          "Version": "2012-10-17",
        },
      },
      "Type": "AWS::IAM::Role",
    },
    "ServiceTaskDefinitionExecutionRoleDefaultPolicyE16C69DE": Object {
      "Properties": Object {
        "PolicyDocument": Object {
          "Statement": Array [
            Object {
              "Action": Array [
                "ecr:BatchCheckLayerAvailability",
                "ecr:GetDownloadUrlForLayer",
                "ecr:BatchGetImage",
              ],
              "Effect": "Allow",
              "Resource": Object {
                "Fn::ImportValue": "SupportStack:ExportsOutputFnGetAttRepository22E53BBDArn3AD4E30B",
              },
            },
            Object {
              "Action": "ecr:GetAuthorizationToken",
              "Effect": "Allow",
              "Resource": "*",
            },
            Object {
              "Action": Array [
                "logs:CreateLogStream",
                "logs:PutLogEvents",
              ],
              "Effect": "Allow",
              "Resource": Object {
                "Fn::GetAtt": Array [
                  "ServiceLogGroupB910EE76",
                  "Arn",
                ],
              },
            },
          ],
          "Version": "2012-10-17",
        },
        "PolicyName": "ServiceTaskDefinitionExecutionRoleDefaultPolicyE16C69DE",
        "Roles": Array [
          Object {
            "Ref": "ServiceTaskDefinitionExecutionRole5D3DB197",
          },
        ],
      },
      "Type": "AWS::IAM::Policy",
    },
    "ServiceTaskDefinitionTaskRole3BD32B0F": Object {
      "Properties": Object {
        "AssumeRolePolicyDocument": Object {
          "Statement": Array [
            Object {
              "Action": "sts:AssumeRole",
              "Effect": "Allow",
              "Principal": Object {
                "Service": "ecs-tasks.amazonaws.com",
              },
            },
          ],
          "Version": "2012-10-17",
        },
      },
      "Type": "AWS::IAM::Role",
    },
    "ServiceTaskDefinitionTaskRoleDefaultPolicyED991BA3": Object {
      "Properties": Object {
        "PolicyDocument": Object {
          "Statement": Array [
            Object {
              "Action": "ssm:GetParametersByPath",
              "Effect": "Allow",
              "Resource": Object {
                "Fn::Join": Array [
                  "",
                  Array [
                    "arn:aws:ssm:eu-west-1:",
                    Object {
                      "Ref": "AWS::AccountId",
                    },
                    ":parameter/liflig-cdk/Stack/c8cabff989df74f9b2755f4ae923cc6492f944970b/parameters/*",
                  ],
                ],
              },
            },
            Object {
              "Action": Array [
                "secretsmanager:GetSecretValue",
                "secretsmanager:DescribeSecret",
              ],
              "Effect": "Allow",
              "Resource": Object {
                "Fn::Join": Array [
                  "",
                  Array [
                    "arn:",
                    Object {
                      "Ref": "AWS::Partition",
                    },
                    ":secretsmanager:eu-west-1:",
                    Object {
                      "Ref": "AWS::AccountId",
                    },
                    ":secret:ExampleSecretParameter-??????",
                  ],
                ],
              },
            },
            Object {
              "Action": Array [
                "secretsmanager:GetSecretValue",
                "secretsmanager:DescribeSecret",
              ],
              "Effect": "Allow",
              "Resource": Object {
                "Fn::Join": Array [
                  "",
                  Array [
                    "arn:",
                    Object {
                      "Ref": "AWS::Partition",
                    },
                    ":secretsmanager:eu-west-1:",
                    Object {
                      "Ref": "AWS::AccountId",
                    },
                    ":secret:ExampleSecretByNameParameter-??????",
                  ],
                ],
              },
            },
            Object {
              "Action": Array [
                "ssmmessages:CreateControlChannel",
                "ssmmessages:CreateDataChannel",
                "ssmmessages:OpenControlChannel",
                "ssmmessages:OpenDataChannel",
              ],
              "Effect": "Allow",
              "Resource": "*",
            },
            Object {
              "Action": "logs:DescribeLogGroups",
              "Effect": "Allow",
              "Resource": "*",
            },
            Object {
              "Action": Array [
                "logs:CreateLogStream",
                "logs:DescribeLogStreams",
                "logs:PutLogEvents",
              ],
              "Effect": "Allow",
              "Resource": "*",
            },
          ],
          "Version": "2012-10-17",
        },
        "PolicyName": "ServiceTaskDefinitionTaskRoleDefaultPolicyED991BA3",
        "Roles": Array [
          Object {
            "Ref": "ServiceTaskDefinitionTaskRole3BD32B0F",
          },
        ],
      },
      "Type": "AWS::IAM::Policy",
    },
  },
}
`;
