// Jest Snapshot v1, https://jestjs.io/docs/snapshot-testing

exports[`create alarms 1`] = `
Object {
  "Resources": Object {
    "DatabaseAlarmsCpuUtilizationAlarmA27F08F4": Object {
      "Properties": Object {
        "AlarmActions": Array [
          Object {
            "Fn::ImportValue": "SupportStack:ExportsOutputRefTopicBFC7AF6ECB4A357A",
          },
        ],
        "AlarmDescription": "RDS database 'database-name' has a higher than expected CPU utilization. Runbook at https://liflig.no",
        "ComparisonOperator": "GreaterThanThreshold",
        "Dimensions": Array [
          Object {
            "Name": "DBInstanceIdentifier",
            "Value": "database-name",
          },
        ],
        "EvaluationPeriods": 5,
        "MetricName": "CPUUtilization",
        "Namespace": "AWS/RDS",
        "OKActions": Array [
          Object {
            "Fn::ImportValue": "SupportStack:ExportsOutputRefTopicBFC7AF6ECB4A357A",
          },
        ],
        "Period": 120,
        "Statistic": "Average",
        "Threshold": 75,
        "TreatMissingData": "ignore",
      },
      "Type": "AWS::CloudWatch::Alarm",
    },
    "DatabaseAlarmsCreditsAlarm9AA09CB7": Object {
      "Properties": Object {
        "AlarmActions": Array [
          Object {
            "Fn::ImportValue": "SupportStack:ExportsOutputRefTopicBFC7AF6ECB4A357A",
          },
        ],
        "AlarmDescription": "Less than 28.8 CPU credits remaining for RDS database 'database-name'. If the balance is depleted, AWS adds additional charges. Runbook at https://liflig.no",
        "ComparisonOperator": "LessThanThreshold",
        "Dimensions": Array [
          Object {
            "Name": "DBInstanceIdentifier",
            "Value": "database-name",
          },
        ],
        "EvaluationPeriods": 1,
        "MetricName": "CPUCreditBalance",
        "Namespace": "AWS/RDS",
        "Period": 300,
        "Statistic": "Minimum",
        "Threshold": 28.8,
        "TreatMissingData": "ignore",
      },
      "Type": "AWS::CloudWatch::Alarm",
    },
    "DatabaseAlarmsCriticallyLowStorageSpaceAlarm3F2C7F66": Object {
      "Properties": Object {
        "AlarmActions": Array [
          Object {
            "Fn::ImportValue": "SupportStack:ExportsOutputRefTopicBFC7AF6ECB4A357A",
          },
        ],
        "AlarmDescription": "Critically low storage space available on RDS database 'database-name'. Runbook at https://liflig.no",
        "ComparisonOperator": "LessThanThreshold",
        "Dimensions": Array [
          Object {
            "Name": "DBInstanceIdentifier",
            "Value": "database-name",
          },
        ],
        "EvaluationPeriods": 1,
        "MetricName": "FreeStorageSpace",
        "Namespace": "AWS/RDS",
        "OKActions": Array [
          Object {
            "Fn::ImportValue": "SupportStack:ExportsOutputRefTopicBFC7AF6ECB4A357A",
          },
        ],
        "Period": 300,
        "Statistic": "Minimum",
        "Threshold": 1342177280,
        "TreatMissingData": "ignore",
      },
      "Type": "AWS::CloudWatch::Alarm",
    },
    "DatabaseAlarmsLowStorageSpaceAlarm99A98D32": Object {
      "Properties": Object {
        "AlarmActions": Array [
          Object {
            "Fn::ImportValue": "SupportStack:ExportsOutputRefTopicBFC7AF6ECB4A357A",
          },
        ],
        "AlarmDescription": "Low storage space available on RDS database 'database-name'. Runbook at https://liflig.no",
        "ComparisonOperator": "LessThanThreshold",
        "Dimensions": Array [
          Object {
            "Name": "DBInstanceIdentifier",
            "Value": "database-name",
          },
        ],
        "EvaluationPeriods": 1,
        "MetricName": "FreeStorageSpace",
        "Namespace": "AWS/RDS",
        "OKActions": Array [
          Object {
            "Fn::ImportValue": "SupportStack:ExportsOutputRefTopicBFC7AF6ECB4A357A",
          },
        ],
        "Period": 300,
        "Statistic": "Minimum",
        "Threshold": 6710886400,
        "TreatMissingData": "ignore",
      },
      "Type": "AWS::CloudWatch::Alarm",
    },
  },
}
`;
