// Jest Snapshot v1, https://jestjs.io/docs/snapshot-testing

exports[`create alarms 1`] = `
Object {
  "Mappings": Object {
    "LatestNodeRuntimeMap": Object {
      "af-south-1": Object {
        "value": "nodejs22.x",
      },
      "ap-east-1": Object {
        "value": "nodejs22.x",
      },
      "ap-east-2": Object {
        "value": "nodejs22.x",
      },
      "ap-northeast-1": Object {
        "value": "nodejs22.x",
      },
      "ap-northeast-2": Object {
        "value": "nodejs22.x",
      },
      "ap-northeast-3": Object {
        "value": "nodejs22.x",
      },
      "ap-south-1": Object {
        "value": "nodejs22.x",
      },
      "ap-south-2": Object {
        "value": "nodejs22.x",
      },
      "ap-southeast-1": Object {
        "value": "nodejs22.x",
      },
      "ap-southeast-2": Object {
        "value": "nodejs22.x",
      },
      "ap-southeast-3": Object {
        "value": "nodejs22.x",
      },
      "ap-southeast-4": Object {
        "value": "nodejs22.x",
      },
      "ap-southeast-5": Object {
        "value": "nodejs22.x",
      },
      "ap-southeast-6": Object {
        "value": "nodejs22.x",
      },
      "ap-southeast-7": Object {
        "value": "nodejs22.x",
      },
      "ca-central-1": Object {
        "value": "nodejs22.x",
      },
      "ca-west-1": Object {
        "value": "nodejs22.x",
      },
      "cn-north-1": Object {
        "value": "nodejs22.x",
      },
      "cn-northwest-1": Object {
        "value": "nodejs22.x",
      },
      "eu-central-1": Object {
        "value": "nodejs22.x",
      },
      "eu-central-2": Object {
        "value": "nodejs22.x",
      },
      "eu-isoe-west-1": Object {
        "value": "nodejs22.x",
      },
      "eu-north-1": Object {
        "value": "nodejs22.x",
      },
      "eu-south-1": Object {
        "value": "nodejs22.x",
      },
      "eu-south-2": Object {
        "value": "nodejs22.x",
      },
      "eu-west-1": Object {
        "value": "nodejs22.x",
      },
      "eu-west-2": Object {
        "value": "nodejs22.x",
      },
      "eu-west-3": Object {
        "value": "nodejs22.x",
      },
      "eusc-de-east-1": Object {
        "value": "nodejs22.x",
      },
      "il-central-1": Object {
        "value": "nodejs22.x",
      },
      "me-central-1": Object {
        "value": "nodejs22.x",
      },
      "me-south-1": Object {
        "value": "nodejs22.x",
      },
      "mx-central-1": Object {
        "value": "nodejs22.x",
      },
      "sa-east-1": Object {
        "value": "nodejs22.x",
      },
      "us-east-1": Object {
        "value": "nodejs22.x",
      },
      "us-east-2": Object {
        "value": "nodejs22.x",
      },
      "us-gov-east-1": Object {
        "value": "nodejs22.x",
      },
      "us-gov-west-1": Object {
        "value": "nodejs22.x",
      },
      "us-iso-east-1": Object {
        "value": "nodejs22.x",
      },
      "us-iso-west-1": Object {
        "value": "nodejs22.x",
      },
      "us-isob-east-1": Object {
        "value": "nodejs18.x",
      },
      "us-isob-west-1": Object {
        "value": "nodejs18.x",
      },
      "us-isof-east-1": Object {
        "value": "nodejs22.x",
      },
      "us-isof-south-1": Object {
        "value": "nodejs22.x",
      },
      "us-west-1": Object {
        "value": "nodejs22.x",
      },
      "us-west-2": Object {
        "value": "nodejs22.x",
      },
    },
  },
  "Resources": Object {
    "LambdaAlarmsFailedInvocationAlarmF0FCB95D": Object {
      "Properties": Object {
        "AlarmActions": Array [
          Object {
            "Fn::ImportValue": "SupportStack:ExportsOutputRefTopicBFC7AF6ECB4A357A",
          },
        ],
        "AlarmDescription": Object {
          "Fn::Join": Array [
            "",
            Array [
              "Invocation for '",
              Object {
                "Ref": "TestedLambdaAAAB7B55",
              },
              "' failed. Runbook at https://liflig.no",
            ],
          ],
        },
        "ComparisonOperator": "GreaterThanOrEqualToThreshold",
        "Dimensions": Array [
          Object {
            "Name": "FunctionName",
            "Value": Object {
              "Ref": "TestedLambdaAAAB7B55",
            },
          },
        ],
        "EvaluationPeriods": 1,
        "MetricName": "Errors",
        "Namespace": "AWS/Lambda",
        "OKActions": Array [
          Object {
            "Fn::ImportValue": "SupportStack:ExportsOutputRefTopicBFC7AF6ECB4A357A",
          },
        ],
        "Period": 60,
        "Statistic": "Sum",
        "Threshold": 1,
        "TreatMissingData": "ignore",
      },
      "Type": "AWS::CloudWatch::Alarm",
    },
    "TestedLambdaAAAB7B55": Object {
      "DependsOn": Array [
        "TestedLambdaServiceRole1EFFE97F",
      ],
      "Properties": Object {
        "Code": Object {
          "ZipFile": "exports.handler = async () => {}",
        },
        "FunctionName": "lambda-function-name",
        "Handler": "index.handler",
        "Role": Object {
          "Fn::GetAtt": Array [
            "TestedLambdaServiceRole1EFFE97F",
            "Arn",
          ],
        },
        "Runtime": Object {
          "Fn::FindInMap": Array [
            "LatestNodeRuntimeMap",
            Object {
              "Ref": "AWS::Region",
            },
            "value",
          ],
        },
      },
      "Type": "AWS::Lambda::Function",
    },
    "TestedLambdaServiceRole1EFFE97F": Object {
      "Properties": Object {
        "AssumeRolePolicyDocument": Object {
          "Statement": Array [
            Object {
              "Action": "sts:AssumeRole",
              "Effect": "Allow",
              "Principal": Object {
                "Service": "lambda.amazonaws.com",
              },
            },
          ],
          "Version": "2012-10-17",
        },
        "ManagedPolicyArns": Array [
          Object {
            "Fn::Join": Array [
              "",
              Array [
                "arn:",
                Object {
                  "Ref": "AWS::Partition",
                },
                ":iam::aws:policy/service-role/AWSLambdaBasicExecutionRole",
              ],
            ],
          },
        ],
      },
      "Type": "AWS::IAM::Role",
    },
  },
}
`;
