// Jest Snapshot v1, https://goo.gl/fbAQLP

exports[`create alarms 1`] = `
Object {
  "Resources": Object {
    "LogGroupErrorMetricFilter551B92D2": Object {
      "Properties": Object {
        "FilterPattern": "{ ($.level = \\"ERROR\\") || ($.level = \\"FATAL\\") || ($.requestInfo.status.code = \\"INTERNAL_SERVER_ERROR\\") }",
        "LogGroupName": Object {
          "Ref": "LogGroupF5B46931",
        },
        "MetricTransformations": Array [
          Object {
            "MetricName": "Errors",
            "MetricNamespace": "stack/Stack/service-name/Errors",
            "MetricValue": "1",
          },
        ],
      },
      "Type": "AWS::Logs::MetricFilter",
    },
    "LogGroupF5B46931": Object {
      "DeletionPolicy": "Retain",
      "Properties": Object {
        "RetentionInDays": 731,
      },
      "Type": "AWS::Logs::LogGroup",
      "UpdateReplacePolicy": "Retain",
    },
    "ServiceAlarmsAlbTargets5xxAlarm55A1710E": Object {
      "Properties": Object {
        "ActionsEnabled": true,
        "AlarmActions": Array [
          Object {
            "Fn::ImportValue": "SupportStack:ExportsOutputRefTopicBFC7AF6ECB4A357A",
          },
        ],
        "AlarmDescription": "Load balancer received too many 5XX responses from target(s) in ECS service 'service-name'.",
        "ComparisonOperator": "GreaterThanOrEqualToThreshold",
        "Dimensions": Array [
          Object {
            "Name": "LoadBalancer",
            "Value": "app/my-load-balancer/50dc6c495c0c9188",
          },
          Object {
            "Name": "TargetGroup",
            "Value": "targetgroup/my-target-group/cbf133c568e0d028",
          },
        ],
        "EvaluationPeriods": 3,
        "MetricName": "HTTPCode_Target_5XX_Count",
        "Namespace": "AWS/ApplicationELB",
        "OKActions": Array [
          Object {
            "Fn::ImportValue": "SupportStack:ExportsOutputRefTopicBFC7AF6ECB4A357A",
          },
        ],
        "Period": 60,
        "Statistic": "Sum",
        "Threshold": 10,
        "TreatMissingData": "notBreaching",
      },
      "Type": "AWS::CloudWatch::Alarm",
    },
    "ServiceAlarmsConnectionAlarm1F083C01": Object {
      "Properties": Object {
        "ActionsEnabled": true,
        "AlarmDescription": "Load balancer is failing to connect to target(s) in ECS service 'service-name'.",
        "ComparisonOperator": "GreaterThanOrEqualToThreshold",
        "Dimensions": Array [
          Object {
            "Name": "LoadBalancer",
            "Value": "app/my-load-balancer/50dc6c495c0c9188",
          },
          Object {
            "Name": "TargetGroup",
            "Value": "targetgroup/my-target-group/cbf133c568e0d028",
          },
        ],
        "EvaluationPeriods": 1,
        "MetricName": "TargetConnectionErrorCount",
        "Namespace": "AWS/ApplicationELB",
        "Period": 60,
        "Statistic": "Sum",
        "Threshold": 1,
        "TreatMissingData": "notBreaching",
      },
      "Type": "AWS::CloudWatch::Alarm",
    },
    "ServiceAlarmsErrorLogAlarmEBEFC89B": Object {
      "Properties": Object {
        "AlarmActions": Array [
          Object {
            "Fn::ImportValue": "SupportStack:ExportsOutputRefTopicBFC7AF6ECB4A357A",
          },
        ],
        "AlarmDescription": "service-name logged an error",
        "ComparisonOperator": "GreaterThanOrEqualToThreshold",
        "EvaluationPeriods": 1,
        "MetricName": "Errors",
        "Namespace": "stack/Stack/service-name/Errors",
        "OKActions": Array [
          Object {
            "Fn::ImportValue": "SupportStack:ExportsOutputRefTopicBFC7AF6ECB4A357A",
          },
        ],
        "Period": 60,
        "Statistic": "Sum",
        "Threshold": 1,
        "TreatMissingData": "notBreaching",
      },
      "Type": "AWS::CloudWatch::Alarm",
    },
    "ServiceAlarmsHealthAlarm888BAAB5": Object {
      "Properties": Object {
        "AlarmDescription": "There are no healthy target(s) in ECS service 'service-name'.",
        "ComparisonOperator": "LessThanThreshold",
        "Dimensions": Array [
          Object {
            "Name": "LoadBalancer",
            "Value": "app/my-load-balancer/50dc6c495c0c9188",
          },
          Object {
            "Name": "TargetGroup",
            "Value": "targetgroup/my-target-group/cbf133c568e0d028",
          },
        ],
        "EvaluationPeriods": 1,
        "MetricName": "HealthyHostCount",
        "Namespace": "AWS/ApplicationELB",
        "Period": 60,
        "Statistic": "Minimum",
        "Threshold": 1,
        "TreatMissingData": "breaching",
      },
      "Type": "AWS::CloudWatch::Alarm",
    },
    "ServiceAlarmsTargetHealthAlarm18599060": Object {
      "Properties": Object {
        "ActionsEnabled": false,
        "AlarmActions": Array [
          Object {
            "Fn::ImportValue": "SupportStack:ExportsOutputRefTopicBFC7AF6ECB4A357A",
          },
        ],
        "AlarmDescription": "The load balancer is either receiving bad health checks from or is unable to connect to target(s) in ECS service 'service-name'",
        "AlarmName": "StackServiceAlarmsTargetHealthAlarm30873D46",
        "AlarmRule": Object {
          "Fn::Join": Array [
            "",
            Array [
              "(ALARM(\\"",
              Object {
                "Fn::GetAtt": Array [
                  "ServiceAlarmsConnectionAlarm1F083C01",
                  "Arn",
                ],
              },
              "\\") OR ALARM(\\"",
              Object {
                "Fn::GetAtt": Array [
                  "ServiceAlarmsHealthAlarm888BAAB5",
                  "Arn",
                ],
              },
              "\\"))",
            ],
          ],
        },
        "OKActions": Array [
          Object {
            "Fn::ImportValue": "SupportStack:ExportsOutputRefTopicBFC7AF6ECB4A357A",
          },
        ],
      },
      "Type": "AWS::CloudWatch::CompositeAlarm",
    },
    "ServiceAlarmsTargetResponseTimeAlarmA0DC0898": Object {
      "Properties": Object {
        "AlarmActions": Array [
          Object {
            "Fn::ImportValue": "SupportStack:ExportsOutputRefTopicBFC7AF6ECB4A357A",
          },
        ],
        "AlarmDescription": "5% of responses from ECS service 'service-name' are taking longer than expected.",
        "ComparisonOperator": "GreaterThanThreshold",
        "Dimensions": Array [
          Object {
            "Name": "LoadBalancer",
            "Value": "app/my-load-balancer/50dc6c495c0c9188",
          },
          Object {
            "Name": "TargetGroup",
            "Value": "targetgroup/my-target-group/cbf133c568e0d028",
          },
        ],
        "EvaluationPeriods": 1,
        "ExtendedStatistic": "p95",
        "MetricName": "TargetResponseTime",
        "Namespace": "AWS/ApplicationELB",
        "OKActions": Array [
          Object {
            "Fn::ImportValue": "SupportStack:ExportsOutputRefTopicBFC7AF6ECB4A357A",
          },
        ],
        "Period": 300,
        "Threshold": 0.5,
        "TreatMissingData": "ignore",
        "Unit": "Seconds",
      },
      "Type": "AWS::CloudWatch::Alarm",
    },
  },
}
`;
